[codecares.com/html/seba/index-one.html]
[backblue.gif]
[fade.gif]
[index.html]
[codecares.com/html/seba/images/favicon.png]
[codecares.com/html/seba/css/bootstrap.min.css]
[codecares.com/html/seba/css/style.css]
[codecares.com/html/seba/css/responsive.css]
[codecares.com/html/seba/images/logo.png]
[codecares.com/html/seba/index-two.html]
[codecares.com/html/seba/index-three.html]
[codecares.com/html/seba/index-rtl-one.html]
[codecares.com/html/seba/index-rtl-two.html]
[codecares.com/html/seba/index-rtl-three.html]
[codecares.com/html/seba/cardiology.html]
[codecares.com/html/seba/emergency.html]
[codecares.com/html/seba/neurology.html]
[codecares.com/html/seba/surgery.html]
[codecares.com/html/seba/gynaecology.html]
[codecares.com/html/seba/dental.html]
[codecares.com/html/seba/treatment-one.html]
[codecares.com/html/seba/treatment-two.html]
[codecares.com/html/seba/treatment-details.html]
[codecares.com/html/seba/doctors-col-3.html]
[codecares.com/html/seba/doctors-col-4.html]
[codecares.com/html/seba/doctors-details.html]
[codecares.com/html/seba/blog-grid.html]
[codecares.com/html/seba/blog-full-width.html]
[codecares.com/html/seba/blog-right-sidebar.html]
[codecares.com/html/seba/blog-left-sidebar.html]
[codecares.com/html/seba/blog-single.html]
[codecares.com/html/seba/service.html]
[codecares.com/html/seba/account.html]
[codecares.com/html/seba/faq.html]
[codecares.com/html/seba/error.html]
[codecares.com/html/seba/contact.html]
[codecares.com/html/seba/images/our-doctor.png]
[codecares.com/html/seba/images/service/1.jpg]
[codecares.com/html/seba/images/service/2.jpg]
[codecares.com/html/seba/images/service/3.jpg]
[codecares.com/html/seba/images/service/4.jpg]
[codecares.com/html/seba/images/service/5.jpg]
[codecares.com/html/seba/images/service/6.jpg]
[codecares.com/html/seba/images/doctor.png]
[codecares.com/html/seba/images/doctor/1.jpg]
[codecares.com/html/seba/images/doctor/2.jpg]
[codecares.com/html/seba/images/doctor/3.jpg]
[codecares.com/html/seba/images/doctor/4.jpg]
[codecares.com/html/seba/images/doctor/5.jpg]
[codecares.com/html/seba/images/doctor/6.jpg]
[codecares.com/html/seba/images/video.jpg]
[codecares.com/html/seba/images/testimonial/1.jpg]
[codecares.com/html/seba/images/testimonial/2.jpg]
[codecares.com/html/seba/images/testimonial/3.jpg]
[codecares.com/html/seba/images/blog/1.jpg]
[codecares.com/html/seba/images/blog/2.jpg]
[codecares.com/html/seba/images/blog/post-1.jpg]
[codecares.com/html/seba/images/blog/3.jpg]
[codecares.com/html/seba/images/blog/post-2.jpg]
[codecares.com/html/seba/images/blog/post-3.jpg]
[codecares.com/html/seba/js/bootstrap-dropdownhover.min.js]
[codecares.com/html/seba/js/bootstrap.min.js]
[codecares.com/html/seba/js/jquery-scrolltofixed-min.js]
[codecares.com/html/seba/js/jquery.min.js]
[codecares.com/html/seba/js/jquery.countup.min.js]
[codecares.com/html/seba/js/jquery.waypoints.min.js]
[codecares.com/html/seba/js/bootstrap-datepicker.min.js]
[codecares.com/html/seba/js/dyscrollup.js]
[codecares.com/html/seba/js/owl.carousel.min.js]
[codecares.com/html/seba/js/VideoPlayerPopUp.js]
[codecares.com/html/seba/js/jquery.mb.YTPlayer.min.js]
[codecares.com/html/seba/js/animated-text.js]
[codecares.com/html/seba/js/wow.min.js]
[codecares.com/html/seba/js/main.js]
[codecares.com/html/seba/index-one.html]
[codecares.com/html/seba/fonts/glyphicons-halflings-regular.eot]
[codecares.com/html/seba/fonts/glyphicons-halflings-regulard41d.eot]
[codecares.com/html/seba/fonts/glyphicons-halflings-regular.woff2]
[codecares.com/html/seba/fonts/glyphicons-halflings-regular.woff]
[codecares.com/html/seba/css/bootstrap.min.css]
[codecares.com/html/seba/fonts/glyphicons-halflings-regular.svg]
[codecares.com/html/seba/fonts/glyphicons-halflings-regular.ttf]
[codecares.com/html/seba/css/font-awesome.min.css]
[codecares.com/html/seba/css/font-awesome-animation.min.css]
[codecares.com/html/seba/css/flaticon.css]
[codecares.com/html/seba/css/bootstrap-dropdownhover.css]
[codecares.com/html/seba/css/owl.css]
[codecares.com/html/seba/css/animate.min.css]
[codecares.com/html/seba/css/VideoPlayerPopUp.css]
[codecares.com/html/seba/css/jquery.mb.YTPlayer.min.css]
[codecares.com/html/seba/css/animated-text.css]
[codecares.com/html/seba/images/bg/body.jpg]
[codecares.com/html/seba/images/preloader.gif]
[codecares.com/html/seba/images/slider/1.jpg]
[codecares.com/html/seba/images/slider/2.jpg]
[codecares.com/html/seba/images/slider/3.jpg]
[codecares.com/html/seba/images/bg/5.jpg]
[codecares.com/html/seba/images/bg/banner.jpg]
[codecares.com/html/seba/images/bg/1.jpg]
[codecares.com/html/seba/images/bg/2.jpg]
[codecares.com/html/seba/images/bg/3.jpg]
[codecares.com/html/seba/images/bg/4.jpg]
[codecares.com/html/seba/css/style.css]
[codecares.com/html/seba/css/responsive.css]
[codecares.com/html/seba/images/about/2.jpg]
[codecares.com/html/seba/images/doctors.png]
[codecares.com/html/seba/index-two.html]
[codecares.com/html/seba/index-three.html]
[codecares.com/html/seba/css/bootstrap.rtl.css]
[codecares.com/html/seba/css/rtl-style.css]
[codecares.com/html/seba/css/rtl-responsive.css]
[codecares.com/html/seba/index-rtl-one.html]
[codecares.com/html/seba/index-rtl-two.html]
[codecares.com/html/seba/index-rtl-three.html]
[codecares.com/html/seba/images/department/1.jpg]
[codecares.com/html/seba/cardiology.html]
[codecares.com/html/seba/emergency.html]
[codecares.com/html/seba/neurology.html]
[codecares.com/html/seba/surgery.html]
[codecares.com/html/seba/gynaecology.html]
[codecares.com/html/seba/dental.html]
[codecares.com/html/seba/treatment-one.html]
[codecares.com/html/seba/treatment-two.html]
[codecares.com/html/seba/images/treatment/banner.jpg]
[codecares.com/html/seba/images/blog/s1.jpg]
[codecares.com/html/seba/images/blog/s2.jpg]
[codecares.com/html/seba/images/blog/s3.jpg]
[codecares.com/html/seba/treatment-details.html]
[codecares.com/html/seba/doctors-col-3.html]
[codecares.com/html/seba/doctors-col-4.html]
[codecares.com/html/seba/doctors-details.html]
[codecares.com/html/seba/blog-grid.html]
[codecares.com/html/seba/images/blog/4.jpg]
[codecares.com/html/seba/images/blog/6.jpg]
[codecares.com/html/seba/images/blog/5.jpg]
[codecares.com/html/seba/images/blog/big-1.jpg]
[codecares.com/html/seba/images/blog/big-3.jpg]
[codecares.com/html/seba/blog-full-width.html]
[codecares.com/html/seba/images/blog/big-5.jpg]
[codecares.com/html/seba/images/blog/7.jpg]
[codecares.com/html/seba/images/blog/8.jpg]
[codecares.com/html/seba/blog-right-sidebar.html]
[codecares.com/html/seba/blog-left-sidebar.html]
[codecares.com/html/seba/blog-single.html]
[codecares.com/html/seba/js/google-map.js]
[codecares.com/html/seba/service.html]
[codecares.com/html/seba/account.html]
[codecares.com/html/seba/faq.html]
[codecares.com/html/seba/images/error.png]
[codecares.com/html/seba/error.html]
[codecares.com/html/seba/js/app.js]
[codecares.com/html/seba/contact.html]
[codecares.com/html/seba/images/about/1.png]
[codecares.com/html/seba/fonts/glyphicons-halflings-regular.svg]
[codecares.com/html/seba/fonts/fontawesome-webfontd41d.eot]
[codecares.com/html/seba/fonts/fontawesome-webfont3e6e.woff]
[codecares.com/html/seba/fonts/fontawesome-webfont3e6e.svg]
[codecares.com/html/seba/css/font-awesome.min.css]
[codecares.com/html/seba/css/font-awesome-animation.min.css]
[codecares.com/html/seba/fonts/Flaticon.eot]
[codecares.com/html/seba/fonts/Flaticon.woff]
[codecares.com/html/seba/fonts/Flaticond41d.eot]
[codecares.com/html/seba/fonts/Flaticon.ttf]
[codecares.com/html/seba/css/flaticon.css]
[codecares.com/html/seba/css/bootstrap-dropdownhover.css]
[codecares.com/html/seba/css/owl.css]
[codecares.com/html/seba/css/animate.min.css]
[codecares.com/html/seba/images/close.png]
[codecares.com/html/seba/css/VideoPlayerPopUp.css]
[codecares.com/html/seba/css/jquery.mb.YTPlayer.min.css]
[codecares.com/html/seba/css/animated-text.css]
[codecares.com/html/seba/images/slider/4.html]
[codecares.com/html/seba/css/bootstrap.rtl.css]
[codecares.com/html/seba/css/rtl-style.css]
[codecares.com/html/seba/css/rtl-responsive.css]
[codecares.com/html/seba/images/blog/big-2.jpg]
[codecares.com/html/seba/images/blog/big-4.jpg]
[codecares.com/html/seba/fonts/fontawesome-webfont3e6e.eot]
[codecares.com/html/seba/fonts/fontawesome-webfont3e6e.ttf]
[codecares.com/html/seba/fonts/fontawesome-webfont3e6e.svg]
[codecares.com/html/seba/fonts/fontawesome-webfont3e6e.woff2]
[codecares.com/html/seba/css/owl.video.play.html]
[codecares.com/html/seba/css/font/ytp-regular.html]
[codecares.com/html/seba/fonts/Flaticon.svg]
